modelo=phi4-mini:latest run=baseline_phi4 casos=2 opciones={'temperature': 0.0, 'num_ctx': 4096, 'num_predict': 2048, 'seed': 0}
[1/2] case_001_e1: 300 tok, 14.1s (stop)
[2/2] test_0001: 206 tok, 8.5s (stop)
listo: 2 respuestas nuevas en results/baseline_phi4/
modelo=phi4-mini:latest run=baseline_phi4 casos=51 opciones={'temperature': 0.0, 'num_ctx': 4096, 'num_predict': 2048, 'seed': 0}
[1/51] case_001_e1: ya existe, se omite
[2/51] test_0001: ya existe, se omite
[3/51] test_0002: 177 tok, 9.2s (stop)
[4/51] test_0003: 606 tok, 20.6s (stop)
[5/51] test_0004: 249 tok, 10.1s (stop)
[6/51] test_0005: 218 tok, 8.2s (stop)
[7/51] test_0006: 502 tok, 17.3s (stop)
[8/51] test_0007: 266 tok, 10.7s (stop)
[9/51] test_0008: 195 tok, 7.9s (stop)
[10/51] test_0009: 351 tok, 12.9s (stop)
[11/51] test_0010: 236 tok, 9.0s (stop)
[12/51] test_0011: 178 tok, 7.3s (stop)
[13/51] test_0012: 318 tok, 12.4s (stop)
[14/51] test_0013: 147 tok, 6.4s (stop)
[15/51] test_0014: 237 tok, 8.9s (stop)
[16/51] test_0015: 176 tok, 7.2s (stop)
[17/51] test_0016: 329 tok, 12.7s (stop)
[18/51] test_0017: 419 tok, 15.7s (stop)
[19/51] test_0018: 284 tok, 11.6s (stop)
[20/51] test_0019: 386 tok, 13.9s (stop)
[21/51] test_0020: 340 tok, 13.2s (stop)
[22/51] test_0021: 267 tok, 10.9s (stop)
[23/51] test_0022: 264 tok, 11.2s (stop)
[24/51] test_0023: 381 tok, 14.6s (stop)
[25/51] test_0024: 486 tok, 17.8s (stop)
[26/51] test_0025: 242 tok, 9.8s (stop)
[27/51] test_0026: 264 tok, 11.4s (stop)
[28/51] test_0027: 209 tok, 9.5s (stop)
[29/51] test_0028: 415 tok, 15.9s (stop)
[30/51] test_0029: 387 tok, 14.5s (stop)
[31/51] test_0030: 327 tok, 13.5s (stop)
[32/51] test_0031: 2048 tok, 63.5s (length)
[33/51] test_0032: 247 tok, 10.7s (stop)
[34/51] test_0033: 216 tok, 9.5s (stop)
[35/51] test_0034: 402 tok, 15.5s (stop)
[36/51] test_0035: 363 tok, 14.6s (stop)
[37/51] test_0036: 332 tok, 13.2s (stop)
[38/51] test_0037: 253 tok, 11.0s (stop)
[39/51] test_0038: 442 tok, 16.8s (stop)
[40/51] test_0039: 250 tok, 11.2s (stop)
[41/51] test_0040: 395 tok, 14.9s (stop)
[42/51] test_0041: 209 tok, 8.9s (stop)
[43/51] test_0042: 364 tok, 14.3s (stop)
[44/51] test_0043: 146 tok, 7.4s (stop)
[45/51] test_0044: 194 tok, 9.0s (stop)
[46/51] test_0045: 297 tok, 12.5s (stop)
[47/51] test_0046: 577 tok, 21.2s (stop)
[48/51] test_0047: 412 tok, 15.9s (stop)
[49/51] test_0048: 361 tok, 15.0s (stop)
[50/51] test_0049: 356 tok, 14.5s (stop)
[51/51] test_0050: 277 tok, 12.5s (stop)
listo: 49 respuestas nuevas en results/baseline_phi4/
